// Jest Snapshot v1, https://goo.gl/fbAQLP

exports[`while button tests running in a browser environment should render correctly 1`] = `
<div>
  <button
    className="btn large btn-White"
    onClick={[Function]}
  >
    This is a Button
  </button>
  <button
    className="btn large btn-White"
    onClick={[Function]}
  >
    This is a Button
  </button>
  <button
    className="btn large btn-White ghost"
    onClick={[Function]}
  >
    This is a Button
  </button>
  <button
    className="btn large btn-White ghost round"
    onClick={[Function]}
  >
    This is a Button
  </button>
  <button
    className="btn small btn-White ghost round"
    onClick={[Function]}
  >
    This is a Button
  </button>
  <button
    className="btn small btn-White ghost round"
    onClick={[Function]}
  >
    This is a Button
  </button>
  <button
    className="btn large btn-White ghost round"
    onClick={[Function]}
  >
    ...
  </button>
  <button
    className="btn large btn-Red ghost round"
    onClick={[Function]}
  >
    This is a Button
  </button>
  <a
    className="btn large btn-White ghost round"
    href="https://www.getqardio.com/"
  >
    This is a Link Button
  </a>
</div>
`;
