// Jest Snapshot v1, https://goo.gl/fbAQLP

exports[`while masonry test running in a browser environment should render correctly 1`] = `
<div>
  <div>
    <div
      className="masonry-layout"
    >
      <div
        className="child-item-1"
      />
      <div
        className="child-item-2"
      />
      <div
        className="child-item-3"
      />
      <div
        className="child-item-4"
      />
    </div>
  </div>
</div>
`;
